
P5d T3 Cross-Prompt Greedy Alignment
==================================================
Total prompts:  50
Errors (any):   0
Identical:      11
Mismatched:     39

First 5 mismatches:

  [0] Once upon a time, in a small village nestled between two mou...
    diff at char 206 (ironmlx_len=924, omlx_len=938):
      ironmlx: ...'rations, believing the mountains were no'
      omlx:    ...'rations, building their homes from the v'

  [1] The history of the Roman Empire began when Augustus Caesar b...
    diff at char 119 (ironmlx_len=602, omlx_len=615):
      ironmlx: ...'Princeps** and **Augustus**).\n\nWhile the'
      omlx:    ...'Princeps**).\n\nWhile the Roman state itse'

  [2] In the beginning of the universe, a singularity exploded and...
    diff at char 24 (ironmlx_len=949, omlx_len=951):
      ironmlx: ...'statement "a singularity exploded" is a '
      omlx:    ...'statement that "a singularity exploded" '

  [4] On a cold winter morning, the detective arrived at the crime...
    diff at char 221 (ironmlx_len=828, omlx_len=480):
      ironmlx: ...'m the body. The air was thick with the s'
      omlx:    ...'m the body—but no footprints leading *to'

  [5] The Amazon rainforest, often called the lungs of the Earth,...
    diff at char 123 (ironmlx_len=1090, omlx_len=1005):
      ironmlx: ...'imate and supporting global biodiversity'
      omlx:    ...'imate and biodiversity. Spanning across '

