{"session": "B-on", "phase": "warmup", "task": "warmup", "step": "warmup", "status": 200, "finish": "length", "tokens": 64, "prompt": 26, "hit": 0, "saves": 2, "ttft_ms": 189.7, "error": null}
{"session": "B-on", "phase": "warmup", "task": "warmup", "step": "warmup", "status": 200, "finish": "length", "tokens": 64, "prompt": 30, "hit": 0, "saves": 2, "ttft_ms": 94.1, "error": null}
{"session": "B-on", "phase": "short", "task": "code-1", "step": "miss", "status": 200, "finish": "stop", "tokens": 686, "prompt": 62, "hit": 0, "saves": 2, "ttft_ms": 136.3, "error": null}
{"session": "B-on", "phase": "short", "task": "code-1", "step": "repeat", "status": 200, "finish": "stop", "tokens": 686, "prompt": 62, "hit": 62, "saves": 0, "ttft_ms": 5.5, "error": null}
{"session": "B-on", "phase": "short", "task": "code-1", "step": "append", "status": 200, "finish": "stop", "tokens": 55, "prompt": 767, "hit": 62, "saves": 1, "ttft_ms": 986.7, "error": null}
{"session": "B-on", "phase": "short", "task": "code-1", "step": "fork", "status": 200, "finish": "stop", "tokens": 490, "prompt": 770, "hit": 62, "saves": 1, "ttft_ms": 968.6, "error": null}
{"session": "B-on", "phase": "short", "task": "knowledge-1", "step": "miss", "status": 200, "finish": "stop", "tokens": 1420, "prompt": 46, "hit": 0, "saves": 2, "ttft_ms": 137.5, "error": null}
{"session": "B-on", "phase": "short", "task": "knowledge-1", "step": "repeat", "status": 200, "finish": "stop", "tokens": 1420, "prompt": 46, "hit": 46, "saves": 0, "ttft_ms": 14.1, "error": null}
{"session": "B-on", "phase": "short", "task": "knowledge-1", "step": "append", "status": 200, "finish": "stop", "tokens": 62, "prompt": 1484, "hit": 46, "saves": 1, "ttft_ms": 2355.3, "error": null}
{"session": "B-on", "phase": "short", "task": "knowledge-1", "step": "fork", "status": 200, "finish": "stop", "tokens": 1041, "prompt": 1487, "hit": 46, "saves": 1, "ttft_ms": 2283.4, "error": null}
{"session": "B-on", "phase": "short", "task": "code-3", "step": "miss", "status": 200, "finish": "stop", "tokens": 448, "prompt": 83, "hit": 0, "saves": 2, "ttft_ms": 184.4, "error": null}
{"session": "B-on", "phase": "short", "task": "code-3", "step": "repeat", "status": 200, "finish": "stop", "tokens": 448, "prompt": 83, "hit": 83, "saves": 0, "ttft_ms": 11.8, "error": null}
{"session": "B-on", "phase": "short", "task": "code-3", "step": "append", "status": 200, "finish": "stop", "tokens": 50, "prompt": 550, "hit": 83, "saves": 1, "ttft_ms": 760.1, "error": null}
{"session": "B-on", "phase": "short", "task": "code-3", "step": "fork", "status": 200, "finish": "stop", "tokens": 930, "prompt": 553, "hit": 83, "saves": 1, "ttft_ms": 777.0, "error": null}
{"session": "B-on", "phase": "30k", "task": "code-1", "step": "miss", "status": 200, "finish": "stop", "tokens": 466, "prompt": 30732, "hit": 0, "saves": 2, "ttft_ms": 50030.2, "error": null}
{"session": "B-on", "phase": "30k", "task": "code-1", "step": "repeat", "status": 200, "finish": "stop", "tokens": 466, "prompt": 30732, "hit": 30732, "saves": 0, "ttft_ms": 137.6, "error": null}
{"session": "B-on", "phase": "30k", "task": "code-1", "step": "append", "status": 200, "finish": "stop", "tokens": 43, "prompt": 31217, "hit": 30732, "saves": 1, "ttft_ms": 1444.4, "error": null}
{"session": "B-on", "phase": "30k", "task": "code-1", "step": "fork", "status": 200, "finish": "stop", "tokens": 217, "prompt": 31220, "hit": 30732, "saves": 1, "ttft_ms": 1361.7, "error": null}
{"session": "B-on", "phase": "30k", "task": "code-1", "step": "doc-fork", "status": 200, "finish": "stop", "tokens": 276, "prompt": 30698, "hit": 0, "saves": 2, "ttft_ms": 54280.1, "error": null}
{"session": "B-off", "phase": "warmup", "task": "warmup", "step": "warmup", "status": 200, "finish": "length", "tokens": 64, "prompt": 26, "hit": 0, "saves": 0, "ttft_ms": 159.7, "error": null}
{"session": "B-off", "phase": "warmup", "task": "warmup", "step": "warmup", "status": 200, "finish": "length", "tokens": 64, "prompt": 30, "hit": 0, "saves": 0, "ttft_ms": 72.1, "error": null}
{"session": "B-off", "phase": "short", "task": "code-1", "step": "miss", "status": 200, "finish": "stop", "tokens": 686, "prompt": 62, "hit": 0, "saves": 0, "ttft_ms": 127.0, "error": null}
{"session": "B-off", "phase": "short", "task": "code-1", "step": "repeat", "status": 200, "finish": "stop", "tokens": 686, "prompt": 62, "hit": 0, "saves": 0, "ttft_ms": 130.7, "error": null}
{"session": "B-off", "phase": "short", "task": "code-1", "step": "append", "status": 200, "finish": "stop", "tokens": 55, "prompt": 767, "hit": 0, "saves": 0, "ttft_ms": 1396.6, "error": null}
{"session": "B-off", "phase": "short", "task": "code-1", "step": "fork", "status": 200, "finish": "stop", "tokens": 428, "prompt": 770, "hit": 0, "saves": 0, "ttft_ms": 1387.8, "error": null}
{"session": "B-off", "phase": "short", "task": "knowledge-1", "step": "miss", "status": 200, "finish": "stop", "tokens": 1420, "prompt": 46, "hit": 0, "saves": 0, "ttft_ms": 116.4, "error": null}
{"session": "B-off", "phase": "short", "task": "knowledge-1", "step": "repeat", "status": 200, "finish": "stop", "tokens": 1420, "prompt": 46, "hit": 0, "saves": 0, "ttft_ms": 122.9, "error": null}
{"session": "B-off", "phase": "short", "task": "knowledge-1", "step": "append", "status": 200, "finish": "stop", "tokens": 62, "prompt": 1484, "hit": 0, "saves": 0, "ttft_ms": 2637.9, "error": null}
{"session": "B-off", "phase": "short", "task": "knowledge-1", "step": "fork", "status": 200, "finish": "stop", "tokens": 1051, "prompt": 1487, "hit": 0, "saves": 0, "ttft_ms": 2594.7, "error": null}
{"session": "B-off", "phase": "short", "task": "code-3", "step": "miss", "status": 200, "finish": "stop", "tokens": 448, "prompt": 83, "hit": 0, "saves": 0, "ttft_ms": 189.1, "error": null}
{"session": "B-off", "phase": "short", "task": "code-3", "step": "repeat", "status": 200, "finish": "stop", "tokens": 448, "prompt": 83, "hit": 0, "saves": 0, "ttft_ms": 181.9, "error": null}
{"session": "B-off", "phase": "short", "task": "code-3", "step": "append", "status": 200, "finish": "stop", "tokens": 53, "prompt": 550, "hit": 0, "saves": 0, "ttft_ms": 1089.5, "error": null}
{"session": "B-off", "phase": "short", "task": "code-3", "step": "fork", "status": 200, "finish": "stop", "tokens": 1017, "prompt": 553, "hit": 0, "saves": 0, "ttft_ms": 1048.7, "error": null}
{"session": "B-off", "phase": "30k", "task": "code-1", "step": "miss", "status": 200, "finish": "stop", "tokens": 466, "prompt": 30732, "hit": 0, "saves": 0, "ttft_ms": 53799.6, "error": null}
{"session": "B-off", "phase": "30k", "task": "code-1", "step": "repeat", "status": 200, "finish": "stop", "tokens": 466, "prompt": 30732, "hit": 0, "saves": 0, "ttft_ms": 55306.3, "error": null}
{"session": "B-off", "phase": "30k", "task": "code-1", "step": "append", "status": 200, "finish": "stop", "tokens": 43, "prompt": 31217, "hit": 0, "saves": 0, "ttft_ms": 57532.3, "error": null}
{"session": "B-off", "phase": "30k", "task": "code-1", "step": "fork", "status": 200, "finish": "stop", "tokens": 195, "prompt": 31220, "hit": 0, "saves": 0, "ttft_ms": 56910.6, "error": null}
{"session": "B-off", "phase": "30k", "task": "code-1", "step": "doc-fork", "status": 200, "finish": "stop", "tokens": 276, "prompt": 30698, "hit": 0, "saves": 0, "ttft_ms": 55868.1, "error": null}
{"session": "C-on", "phase": "warmup", "task": "warmup", "step": "warmup", "status": 200, "finish": "length", "tokens": 64, "prompt": 26, "hit": 0, "saves": 1, "ttft_ms": 161.1, "error": null}
{"session": "C-on", "phase": "warmup", "task": "warmup", "step": "warmup", "status": 200, "finish": "length", "tokens": 64, "prompt": 30, "hit": 0, "saves": 1, "ttft_ms": 83.0, "error": null}
{"session": "C-on", "phase": "short", "task": "code-1", "step": "miss", "status": 200, "finish": "stop", "tokens": 686, "prompt": 62, "hit": 0, "saves": 1, "ttft_ms": 140.1, "error": null}
{"session": "C-on", "phase": "short", "task": "code-1", "step": "repeat", "status": 200, "finish": "stop", "tokens": 686, "prompt": 62, "hit": 62, "saves": 0, "ttft_ms": 7.0, "error": null}
{"session": "C-on", "phase": "short", "task": "code-1", "step": "append", "status": 200, "finish": "stop", "tokens": 55, "prompt": 767, "hit": 62, "saves": 1, "ttft_ms": 1486.8, "error": null}
{"session": "C-on", "phase": "short", "task": "code-1", "step": "fork", "status": 200, "finish": "stop", "tokens": 490, "prompt": 770, "hit": 62, "saves": 1, "ttft_ms": 1420.2, "error": null}
{"session": "C-on", "phase": "short", "task": "knowledge-1", "step": "miss", "status": 200, "finish": "stop", "tokens": 1420, "prompt": 46, "hit": 0, "saves": 1, "ttft_ms": 132.9, "error": null}
{"session": "C-on", "phase": "short", "task": "knowledge-1", "step": "repeat", "status": 200, "finish": "stop", "tokens": 1420, "prompt": 46, "hit": 46, "saves": 0, "ttft_ms": 13.3, "error": null}
{"session": "C-on", "phase": "short", "task": "knowledge-1", "step": "append", "status": 200, "finish": "stop", "tokens": 62, "prompt": 1484, "hit": 46, "saves": 1, "ttft_ms": 2688.8, "error": null}
{"session": "C-on", "phase": "short", "task": "knowledge-1", "step": "fork", "status": 200, "finish": "stop", "tokens": 1041, "prompt": 1487, "hit": 46, "saves": 1, "ttft_ms": 2619.4, "error": null}
{"session": "C-on", "phase": "short", "task": "code-3", "step": "miss", "status": 200, "finish": "stop", "tokens": 448, "prompt": 83, "hit": 0, "saves": 1, "ttft_ms": 194.0, "error": null}
{"session": "C-on", "phase": "short", "task": "code-3", "step": "repeat", "status": 200, "finish": "stop", "tokens": 448, "prompt": 83, "hit": 83, "saves": 0, "ttft_ms": 15.0, "error": null}
{"session": "C-on", "phase": "short", "task": "code-3", "step": "append", "status": 200, "finish": "stop", "tokens": 50, "prompt": 550, "hit": 83, "saves": 1, "ttft_ms": 987.3, "error": null}
{"session": "C-on", "phase": "short", "task": "code-3", "step": "fork", "status": 200, "finish": "stop", "tokens": 930, "prompt": 553, "hit": 83, "saves": 1, "ttft_ms": 953.3, "error": null}
{"session": "C-on", "phase": "30k", "task": "code-1", "step": "miss", "status": 200, "finish": "stop", "tokens": 466, "prompt": 30732, "hit": 0, "saves": 2, "ttft_ms": 54324.4, "error": null}
{"session": "C-on", "phase": "30k", "task": "code-1", "step": "repeat", "status": 200, "finish": "stop", "tokens": 466, "prompt": 30732, "hit": 30732, "saves": 0, "ttft_ms": 108.1, "error": null}
{"session": "C-on", "phase": "30k", "task": "code-1", "step": "append", "status": 200, "finish": "stop", "tokens": 43, "prompt": 31217, "hit": 30732, "saves": 1, "ttft_ms": 1417.5, "error": null}
{"session": "C-on", "phase": "30k", "task": "code-1", "step": "fork", "status": 200, "finish": "stop", "tokens": 217, "prompt": 31220, "hit": 30732, "saves": 1, "ttft_ms": 1379.7, "error": null}
{"session": "C-on", "phase": "30k", "task": "code-1", "step": "doc-fork", "status": 200, "finish": "stop", "tokens": 276, "prompt": 30698, "hit": 0, "saves": 2, "ttft_ms": 55798.0, "error": null}
{"session": "C-off", "phase": "warmup", "task": "warmup", "step": "warmup", "status": 200, "finish": "length", "tokens": 64, "prompt": 26, "hit": 0, "saves": 0, "ttft_ms": 166.5, "error": null}
{"session": "C-off", "phase": "warmup", "task": "warmup", "step": "warmup", "status": 200, "finish": "length", "tokens": 64, "prompt": 30, "hit": 0, "saves": 0, "ttft_ms": 58.6, "error": null}
{"session": "C-off", "phase": "short", "task": "code-1", "step": "miss", "status": 200, "finish": "stop", "tokens": 686, "prompt": 62, "hit": 0, "saves": 0, "ttft_ms": 95.8, "error": null}
{"session": "C-off", "phase": "short", "task": "code-1", "step": "repeat", "status": 200, "finish": "stop", "tokens": 686, "prompt": 62, "hit": 0, "saves": 0, "ttft_ms": 133.2, "error": null}
{"session": "C-off", "phase": "short", "task": "code-1", "step": "append", "status": 200, "finish": "stop", "tokens": 55, "prompt": 767, "hit": 0, "saves": 0, "ttft_ms": 1502.8, "error": null}
{"session": "C-off", "phase": "short", "task": "code-1", "step": "fork", "status": 200, "finish": "stop", "tokens": 428, "prompt": 770, "hit": 0, "saves": 0, "ttft_ms": 1539.9, "error": null}
{"session": "C-off", "phase": "short", "task": "knowledge-1", "step": "miss", "status": 200, "finish": "stop", "tokens": 1420, "prompt": 46, "hit": 0, "saves": 0, "ttft_ms": 134.5, "error": null}
{"session": "C-off", "phase": "short", "task": "knowledge-1", "step": "repeat", "status": 200, "finish": "stop", "tokens": 1420, "prompt": 46, "hit": 0, "saves": 0, "ttft_ms": 133.2, "error": null}
{"session": "C-off", "phase": "short", "task": "knowledge-1", "step": "append", "status": 200, "finish": "stop", "tokens": 62, "prompt": 1484, "hit": 0, "saves": 0, "ttft_ms": 2812.7, "error": null}
{"session": "C-off", "phase": "short", "task": "knowledge-1", "step": "fork", "status": 200, "finish": "stop", "tokens": 1051, "prompt": 1487, "hit": 0, "saves": 0, "ttft_ms": 2769.9, "error": null}
{"session": "C-off", "phase": "short", "task": "code-3", "step": "miss", "status": 200, "finish": "stop", "tokens": 448, "prompt": 83, "hit": 0, "saves": 0, "ttft_ms": 201.1, "error": null}
{"session": "C-off", "phase": "short", "task": "code-3", "step": "repeat", "status": 200, "finish": "stop", "tokens": 448, "prompt": 83, "hit": 0, "saves": 0, "ttft_ms": 185.6, "error": null}
{"session": "C-off", "phase": "short", "task": "code-3", "step": "append", "status": 200, "finish": "stop", "tokens": 53, "prompt": 550, "hit": 0, "saves": 0, "ttft_ms": 1135.8, "error": null}
{"session": "C-off", "phase": "short", "task": "code-3", "step": "fork", "status": 200, "finish": "stop", "tokens": 1017, "prompt": 553, "hit": 0, "saves": 0, "ttft_ms": 1117.0, "error": null}
{"session": "C-off", "phase": "30k", "task": "code-1", "step": "miss", "status": 200, "finish": "stop", "tokens": 466, "prompt": 30732, "hit": 0, "saves": 0, "ttft_ms": 55065.5, "error": null}
{"session": "C-off", "phase": "30k", "task": "code-1", "step": "repeat", "status": 200, "finish": "stop", "tokens": 466, "prompt": 30732, "hit": 0, "saves": 0, "ttft_ms": 54845.8, "error": null}
{"session": "C-off", "phase": "30k", "task": "code-1", "step": "append", "status": 200, "finish": "stop", "tokens": 43, "prompt": 31217, "hit": 0, "saves": 0, "ttft_ms": 56337.5, "error": null}
{"session": "C-off", "phase": "30k", "task": "code-1", "step": "fork", "status": 200, "finish": "stop", "tokens": 195, "prompt": 31220, "hit": 0, "saves": 0, "ttft_ms": 56635.4, "error": null}
{"session": "C-off", "phase": "30k", "task": "code-1", "step": "doc-fork", "status": 200, "finish": "stop", "tokens": 276, "prompt": 30698, "hit": 0, "saves": 0, "ttft_ms": 56092.2, "error": null}
