{"session": "B-on-profile-off", "phase": "warmup", "task": "warmup", "step": "warmup", "status": 200, "finish": "length", "tokens": 64, "prompt": 26, "hit": 0, "saves": 2, "ttft_ms": 301.6, "error": null}
{"session": "B-on-profile-off", "phase": "warmup", "task": "warmup", "step": "warmup", "status": 200, "finish": "length", "tokens": 64, "prompt": 30, "hit": 0, "saves": 2, "ttft_ms": 171.5, "error": null}
{"session": "B-on-profile-off", "phase": "short", "task": "code-1", "step": "miss", "status": 200, "finish": "stop", "tokens": 702, "prompt": 62, "hit": 0, "saves": 2, "ttft_ms": 173.5, "error": null}
{"session": "B-on-profile-off", "phase": "short", "task": "code-1", "step": "repeat", "status": 200, "finish": "stop", "tokens": 702, "prompt": 62, "hit": 62, "saves": 0, "ttft_ms": 15.7, "error": null}
{"session": "B-on-profile-off", "phase": "short", "task": "code-1", "step": "append", "status": 200, "finish": "stop", "tokens": 57, "prompt": 783, "hit": 62, "saves": 1, "ttft_ms": 1260.3, "error": null}
{"session": "B-on-profile-off", "phase": "short", "task": "code-1", "step": "fork", "status": 200, "finish": "stop", "tokens": 409, "prompt": 786, "hit": 62, "saves": 1, "ttft_ms": 1109.6, "error": null}
{"session": "B-on-profile-off", "phase": "short", "task": "knowledge-1", "step": "miss", "status": 200, "finish": "stop", "tokens": 1418, "prompt": 46, "hit": 0, "saves": 2, "ttft_ms": 190.4, "error": null}
{"session": "B-on-profile-off", "phase": "short", "task": "knowledge-1", "step": "repeat", "status": 200, "finish": "stop", "tokens": 1418, "prompt": 46, "hit": 46, "saves": 0, "ttft_ms": 20.9, "error": null}
{"session": "B-on-profile-off", "phase": "short", "task": "knowledge-1", "step": "append", "status": 200, "finish": "stop", "tokens": 64, "prompt": 1483, "hit": 46, "saves": 1, "ttft_ms": 3171.1, "error": null}
{"session": "B-on-profile-off", "phase": "short", "task": "knowledge-1", "step": "fork", "status": 200, "finish": "stop", "tokens": 828, "prompt": 1486, "hit": 46, "saves": 1, "ttft_ms": 3424.0, "error": null}
{"session": "C-on-profile-off", "phase": "warmup", "task": "warmup", "step": "warmup", "status": 200, "finish": "length", "tokens": 64, "prompt": 26, "hit": 0, "saves": 2, "ttft_ms": 224.8, "error": null}
{"session": "C-on-profile-off", "phase": "warmup", "task": "warmup", "step": "warmup", "status": 200, "finish": "length", "tokens": 64, "prompt": 30, "hit": 0, "saves": 2, "ttft_ms": 140.0, "error": null}
{"session": "C-on-profile-off", "phase": "short", "task": "code-1", "step": "miss", "status": 200, "finish": "stop", "tokens": 702, "prompt": 62, "hit": 0, "saves": 2, "ttft_ms": 154.0, "error": null}
{"session": "C-on-profile-off", "phase": "short", "task": "code-1", "step": "repeat", "status": 200, "finish": "stop", "tokens": 702, "prompt": 62, "hit": 62, "saves": 0, "ttft_ms": 12.3, "error": null}
{"session": "C-on-profile-off", "phase": "short", "task": "code-1", "step": "append", "status": 200, "finish": "stop", "tokens": 57, "prompt": 783, "hit": 62, "saves": 1, "ttft_ms": 1472.7, "error": null}
{"session": "C-on-profile-off", "phase": "short", "task": "code-1", "step": "fork", "status": 200, "finish": "stop", "tokens": 409, "prompt": 786, "hit": 62, "saves": 1, "ttft_ms": 1467.4, "error": null}
{"session": "C-on-profile-off", "phase": "short", "task": "knowledge-1", "step": "miss", "status": 200, "finish": "stop", "tokens": 1418, "prompt": 46, "hit": 0, "saves": 2, "ttft_ms": 217.2, "error": null}
{"session": "C-on-profile-off", "phase": "short", "task": "knowledge-1", "step": "repeat", "status": 200, "finish": "stop", "tokens": 1418, "prompt": 46, "hit": 46, "saves": 0, "ttft_ms": 12.4, "error": null}
{"session": "C-on-profile-off", "phase": "short", "task": "knowledge-1", "step": "append", "status": 200, "finish": "stop", "tokens": 64, "prompt": 1483, "hit": 46, "saves": 1, "ttft_ms": 2873.6, "error": null}
{"session": "C-on-profile-off", "phase": "short", "task": "knowledge-1", "step": "fork", "status": 200, "finish": "stop", "tokens": 828, "prompt": 1486, "hit": 46, "saves": 1, "ttft_ms": 2706.4, "error": null}
{"session": "C-on-single-prefill-off", "phase": "warmup", "task": "warmup", "step": "warmup", "status": 200, "finish": "length", "tokens": 64, "prompt": 26, "hit": 0, "saves": 2, "ttft_ms": 201.0, "error": null}
{"session": "C-on-single-prefill-off", "phase": "warmup", "task": "warmup", "step": "warmup", "status": 200, "finish": "length", "tokens": 64, "prompt": 30, "hit": 0, "saves": 2, "ttft_ms": 90.2, "error": null}
{"session": "C-on-single-prefill-off", "phase": "short", "task": "code-1", "step": "miss", "status": 200, "finish": "stop", "tokens": 686, "prompt": 62, "hit": 0, "saves": 2, "ttft_ms": 130.5, "error": null}
{"session": "C-on-single-prefill-off", "phase": "short", "task": "code-1", "step": "repeat", "status": 200, "finish": "stop", "tokens": 686, "prompt": 62, "hit": 62, "saves": 0, "ttft_ms": 6.3, "error": null}
{"session": "C-on-single-prefill-off", "phase": "short", "task": "code-1", "step": "append", "status": 200, "finish": "stop", "tokens": 55, "prompt": 767, "hit": 62, "saves": 1, "ttft_ms": 1484.5, "error": null}
{"session": "C-on-single-prefill-off", "phase": "short", "task": "code-1", "step": "fork", "status": 200, "finish": "stop", "tokens": 490, "prompt": 770, "hit": 62, "saves": 1, "ttft_ms": 1415.3, "error": null}
{"session": "C-on-single-prefill-off", "phase": "short", "task": "knowledge-1", "step": "miss", "status": 200, "finish": "stop", "tokens": 1420, "prompt": 46, "hit": 0, "saves": 2, "ttft_ms": 192.1, "error": null}
{"session": "C-on-single-prefill-off", "phase": "short", "task": "knowledge-1", "step": "repeat", "status": 200, "finish": "stop", "tokens": 1420, "prompt": 46, "hit": 46, "saves": 0, "ttft_ms": 10.4, "error": null}
{"session": "C-on-single-prefill-off", "phase": "short", "task": "knowledge-1", "step": "append", "status": 200, "finish": "stop", "tokens": 62, "prompt": 1484, "hit": 46, "saves": 1, "ttft_ms": 2712.3, "error": null}
{"session": "C-on-single-prefill-off", "phase": "short", "task": "knowledge-1", "step": "fork", "status": 200, "finish": "stop", "tokens": 1041, "prompt": 1487, "hit": 46, "saves": 1, "ttft_ms": 2688.8, "error": null}
{"session": "C-on-cache-1g", "phase": "warmup", "task": "warmup", "step": "warmup", "status": 200, "finish": "length", "tokens": 64, "prompt": 26, "hit": 0, "saves": 1, "ttft_ms": 165.4, "error": null}
{"session": "C-on-cache-1g", "phase": "warmup", "task": "warmup", "step": "warmup", "status": 200, "finish": "length", "tokens": 64, "prompt": 30, "hit": 0, "saves": 1, "ttft_ms": 58.7, "error": null}
{"session": "C-on-cache-1g", "phase": "short", "task": "code-1", "step": "miss", "status": 200, "finish": "stop", "tokens": 686, "prompt": 62, "hit": 0, "saves": 1, "ttft_ms": 96.2, "error": null}
{"session": "C-on-cache-1g", "phase": "short", "task": "code-1", "step": "repeat", "status": 200, "finish": "stop", "tokens": 686, "prompt": 62, "hit": 62, "saves": 0, "ttft_ms": 6.2, "error": null}
{"session": "C-on-cache-1g", "phase": "short", "task": "code-1", "step": "append", "status": 200, "finish": "stop", "tokens": 55, "prompt": 767, "hit": 62, "saves": 1, "ttft_ms": 1489.7, "error": null}
{"session": "C-on-cache-1g", "phase": "short", "task": "code-1", "step": "fork", "status": 200, "finish": "stop", "tokens": 490, "prompt": 770, "hit": 62, "saves": 1, "ttft_ms": 1413.1, "error": null}
{"session": "C-on-cache-1g", "phase": "short", "task": "knowledge-1", "step": "miss", "status": 200, "finish": "stop", "tokens": 1420, "prompt": 46, "hit": 0, "saves": 1, "ttft_ms": 140.3, "error": null}
{"session": "C-on-cache-1g", "phase": "short", "task": "knowledge-1", "step": "repeat", "status": 200, "finish": "stop", "tokens": 1420, "prompt": 46, "hit": 46, "saves": 0, "ttft_ms": 11.2, "error": null}
{"session": "C-on-cache-1g", "phase": "short", "task": "knowledge-1", "step": "append", "status": 200, "finish": "stop", "tokens": 62, "prompt": 1484, "hit": 46, "saves": 1, "ttft_ms": 2707.4, "error": null}
{"session": "C-on-cache-1g", "phase": "short", "task": "knowledge-1", "step": "fork", "status": 200, "finish": "stop", "tokens": 1041, "prompt": 1487, "hit": 46, "saves": 1, "ttft_ms": 2727.3, "error": null}
{"session": "C-on-cache-1g", "phase": "30k", "task": "code-1", "step": "miss", "status": 200, "finish": "stop", "tokens": 466, "prompt": 30732, "hit": 0, "saves": 0, "ttft_ms": 55231.0, "error": null}
{"session": "C-on-cache-1g", "phase": "30k", "task": "code-1", "step": "repeat", "status": 200, "finish": "stop", "tokens": 466, "prompt": 30732, "hit": 0, "saves": 0, "ttft_ms": 56037.7, "error": null}
{"session": "C-on-cache-1g", "phase": "30k", "task": "code-1", "step": "append", "status": 200, "finish": "stop", "tokens": 43, "prompt": 31217, "hit": 0, "saves": 0, "ttft_ms": 57410.0, "error": null}
{"session": "C-on-cache-1g", "phase": "30k", "task": "code-1", "step": "fork", "status": 200, "finish": "stop", "tokens": 195, "prompt": 31220, "hit": 0, "saves": 0, "ttft_ms": 57572.8, "error": null}
{"session": "C-on-cache-1g", "phase": "30k", "task": "code-1", "step": "doc-fork", "status": 200, "finish": "stop", "tokens": 276, "prompt": 30698, "hit": 0, "saves": 0, "ttft_ms": 56996.1, "error": null}
{"session": "B-on-memory-limit-40g", "phase": "warmup", "task": "warmup", "step": "warmup", "status": 200, "finish": "length", "tokens": 64, "prompt": 26, "hit": 0, "saves": 2, "ttft_ms": 199.9, "error": null}
{"session": "B-on-memory-limit-40g", "phase": "warmup", "task": "warmup", "step": "warmup", "status": 200, "finish": "length", "tokens": 64, "prompt": 30, "hit": 0, "saves": 2, "ttft_ms": 93.8, "error": null}
{"session": "B-on-memory-limit-40g", "phase": "short", "task": "code-1", "step": "miss", "status": 200, "finish": "stop", "tokens": 686, "prompt": 62, "hit": 0, "saves": 2, "ttft_ms": 131.1, "error": null}
{"session": "B-on-memory-limit-40g", "phase": "30k", "task": "code-1", "step": "miss", "status": 200, "finish": "stop", "tokens": 466, "prompt": 30732, "hit": 0, "saves": 2, "ttft_ms": 56486.8, "error": null}
{"session": "B-on-memory-limit-40g", "phase": "30k", "task": "knowledge-1", "step": "miss", "status": 200, "finish": "stop", "tokens": 320, "prompt": 30732, "hit": 0, "saves": 2, "ttft_ms": 56617.5, "error": null}
{"session": "B-on-memory-limit-40g", "phase": "short", "task": "knowledge-1", "step": "miss", "status": 200, "finish": "stop", "tokens": 1420, "prompt": 46, "hit": 0, "saves": 2, "ttft_ms": 252.2, "error": null}
{"session": "C-on-memory-limit-40g", "phase": "warmup", "task": "warmup", "step": "warmup", "status": 200, "finish": "length", "tokens": 64, "prompt": 26, "hit": 0, "saves": 1, "ttft_ms": 158.4, "error": null}
{"session": "C-on-memory-limit-40g", "phase": "warmup", "task": "warmup", "step": "warmup", "status": 200, "finish": "length", "tokens": 64, "prompt": 30, "hit": 0, "saves": 1, "ttft_ms": 59.0, "error": null}
{"session": "C-on-memory-limit-40g", "phase": "short", "task": "code-1", "step": "miss", "status": 200, "finish": "stop", "tokens": 686, "prompt": 62, "hit": 0, "saves": 1, "ttft_ms": 98.4, "error": null}
{"session": "C-on-memory-limit-40g", "phase": "30k", "task": "code-1", "step": "miss", "status": 200, "finish": "stop", "tokens": 466, "prompt": 30732, "hit": 0, "saves": 2, "ttft_ms": 57106.7, "error": null}
{"session": "C-on-memory-limit-40g", "phase": "30k", "task": "knowledge-1", "step": "miss", "status": 200, "finish": "stop", "tokens": 320, "prompt": 30732, "hit": 0, "saves": 2, "ttft_ms": 57086.8, "error": null}
{"session": "C-on-memory-limit-40g", "phase": "short", "task": "knowledge-1", "step": "miss", "status": 200, "finish": "stop", "tokens": 1420, "prompt": 46, "hit": 0, "saves": 1, "ttft_ms": 205.8, "error": null}
{"session": "C-on-cancel", "phase": "warmup", "task": "warmup", "step": "warmup", "status": 200, "finish": "length", "tokens": 64, "prompt": 26, "hit": 0, "saves": 1, "ttft_ms": 161.9, "error": null}
{"session": "C-on-cancel", "phase": "warmup", "task": "warmup", "step": "warmup", "status": 200, "finish": "length", "tokens": 64, "prompt": 30, "hit": 0, "saves": 1, "ttft_ms": 57.0, "error": null}
{"session": "C-on-cancel", "phase": "short", "task": "code-1", "step": "miss", "status": 200, "finish": "stop", "tokens": 686, "prompt": 62, "hit": 0, "saves": 1, "ttft_ms": 181.8, "error": null}
{"session": "C-on-cancel", "phase": "short", "task": "code-1", "step": "repeat", "status": 200, "finish": "stop", "tokens": 686, "prompt": 62, "hit": 62, "saves": 0, "ttft_ms": 7.3, "error": null}
{"session": "C-on-cancel", "phase": "short", "task": "code-1", "step": "append", "status": 200, "finish": "stop", "tokens": 55, "prompt": 767, "hit": 62, "saves": 1, "ttft_ms": 1512.0, "error": null}
{"session": "C-on-cancel", "phase": "short", "task": "code-1", "step": "fork", "status": 200, "finish": "stop", "tokens": 490, "prompt": 770, "hit": 62, "saves": 1, "ttft_ms": 1472.5, "error": null}
