{"session": 0, "round": null, "arm": "B", "kind": "first", "phase": "short", "task": "code-2", "ttft_ms": 239.3, "decode": 102.4, "hit": 0, "audit": []}
{"session": 0, "round": null, "arm": "B", "kind": "warmup", "phase": "warmup", "task": "warmup-0", "ttft_ms": 146.8, "decode": 44.9, "hit": 0, "audit": []}
{"session": 0, "round": null, "arm": "B", "kind": "warmup", "phase": "warmup", "task": "warmup-1", "ttft_ms": 108.1, "decode": 147.6, "hit": 0, "audit": []}
{"session": 0, "round": null, "arm": "B", "kind": "miss", "phase": "short", "task": "code-1", "ttft_ms": 137.0, "decode": 129.8, "hit": 0, "audit": []}
{"session": 0, "round": null, "arm": "B", "kind": "miss", "phase": "short", "task": "code-3", "ttft_ms": 256.6, "decode": 88.8, "hit": 0, "audit": []}
{"session": 0, "round": null, "arm": "B", "kind": "miss", "phase": "short", "task": "knowledge-1", "ttft_ms": 150.1, "decode": 64.3, "hit": 0, "audit": []}
{"session": 0, "round": null, "arm": "B", "kind": "miss", "phase": "short", "task": "knowledge-2", "ttft_ms": 149.4, "decode": 75.8, "hit": 0, "audit": []}
{"session": 0, "round": null, "arm": "B", "kind": "miss", "phase": "short", "task": "knowledge-3", "ttft_ms": 150.9, "decode": 48.0, "hit": 0, "audit": []}
{"session": 0, "round": null, "arm": "B", "kind": "repeat", "phase": "short", "task": "code-1", "ttft_ms": 19.9, "decode": 111.0, "hit": 62, "audit": []}
{"session": 0, "round": null, "arm": "B", "kind": "repeat", "phase": "short", "task": "knowledge-1", "ttft_ms": 61.3, "decode": 56.7, "hit": 46, "audit": []}
{"session": 0, "round": null, "arm": "B", "kind": "append", "phase": "short", "task": "code-1", "ttft_ms": 1234.1, "decode": 58.7, "hit": 62, "audit": []}
{"session": 0, "round": null, "arm": "B", "kind": "miss", "phase": "30k", "task": "code-1", "ttft_ms": 54862.9, "decode": 62.4, "hit": 0, "audit": []}
{"session": 0, "round": null, "arm": "B", "kind": "repeat", "phase": "30k", "task": "code-1", "ttft_ms": 63.8, "decode": 64.0, "hit": 30732, "audit": []}
{"session": 1, "round": null, "arm": "C", "kind": "first", "phase": "short", "task": "code-2", "ttft_ms": 194.6, "decode": 97.3, "hit": 0, "audit": []}
{"session": 1, "round": null, "arm": "C", "kind": "warmup", "phase": "warmup", "task": "warmup-0", "ttft_ms": 88.9, "decode": 43.1, "hit": 0, "audit": []}
{"session": 1, "round": null, "arm": "C", "kind": "warmup", "phase": "warmup", "task": "warmup-1", "ttft_ms": 64.7, "decode": 145.5, "hit": 0, "audit": []}
{"session": 1, "round": null, "arm": "C", "kind": "miss", "phase": "short", "task": "code-1", "ttft_ms": 189.4, "decode": 110.9, "hit": 0, "audit": []}
{"session": 1, "round": null, "arm": "C", "kind": "miss", "phase": "short", "task": "code-3", "ttft_ms": 191.3, "decode": 76.4, "hit": 0, "audit": []}
{"session": 1, "round": null, "arm": "C", "kind": "miss", "phase": "short", "task": "knowledge-1", "ttft_ms": 155.9, "decode": 55.5, "hit": 0, "audit": []}
{"session": 1, "round": null, "arm": "C", "kind": "miss", "phase": "short", "task": "knowledge-2", "ttft_ms": 153.5, "decode": 69.9, "hit": 0, "audit": []}
{"session": 1, "round": null, "arm": "C", "kind": "miss", "phase": "short", "task": "knowledge-3", "ttft_ms": 165.0, "decode": 45.5, "hit": 0, "audit": []}
{"session": 1, "round": null, "arm": "C", "kind": "repeat", "phase": "short", "task": "code-1", "ttft_ms": 20.8, "decode": 108.0, "hit": 62, "audit": []}
{"session": 1, "round": null, "arm": "C", "kind": "repeat", "phase": "short", "task": "knowledge-1", "ttft_ms": 77.5, "decode": 55.1, "hit": 46, "audit": []}
{"session": 1, "round": null, "arm": "C", "kind": "append", "phase": "short", "task": "code-1", "ttft_ms": 1209.2, "decode": 58.1, "hit": 62, "audit": []}
{"session": 1, "round": null, "arm": "C", "kind": "miss", "phase": "30k", "task": "code-1", "ttft_ms": 54585.2, "decode": 62.8, "hit": 0, "audit": []}
{"session": 1, "round": null, "arm": "C", "kind": "repeat", "phase": "30k", "task": "code-1", "ttft_ms": 97.0, "decode": 61.8, "hit": 30732, "audit": []}
{"session": 2, "round": 0, "arm": "B", "kind": "first", "phase": "short", "task": "code-2", "ttft_ms": 235.4, "decode": 96.4, "hit": 0, "audit": []}
{"session": 2, "round": 0, "arm": "B", "kind": "warmup", "phase": "warmup", "task": "warmup-0", "ttft_ms": 144.1, "decode": 43.5, "hit": 0, "audit": []}
{"session": 2, "round": 0, "arm": "B", "kind": "warmup", "phase": "warmup", "task": "warmup-1", "ttft_ms": 165.2, "decode": 146.8, "hit": 0, "audit": []}
{"session": 2, "round": 0, "arm": "B", "kind": "miss", "phase": "short", "task": "code-1", "ttft_ms": 162.0, "decode": 109.8, "hit": 0, "audit": []}
{"session": 2, "round": 0, "arm": "B", "kind": "miss", "phase": "short", "task": "code-3", "ttft_ms": 218.5, "decode": 75.6, "hit": 0, "audit": []}
{"session": 2, "round": 0, "arm": "B", "kind": "miss", "phase": "short", "task": "knowledge-1", "ttft_ms": 152.5, "decode": 55.5, "hit": 0, "audit": []}
{"session": 2, "round": 0, "arm": "B", "kind": "miss", "phase": "short", "task": "knowledge-2", "ttft_ms": 152.5, "decode": 69.6, "hit": 0, "audit": []}
{"session": 2, "round": 0, "arm": "B", "kind": "miss", "phase": "short", "task": "knowledge-3", "ttft_ms": 189.4, "decode": 45.2, "hit": 0, "audit": []}
{"session": 2, "round": 0, "arm": "B", "kind": "repeat", "phase": "short", "task": "code-1", "ttft_ms": 108.1, "decode": 107.3, "hit": 62, "audit": []}
{"session": 2, "round": 0, "arm": "B", "kind": "repeat", "phase": "short", "task": "knowledge-1", "ttft_ms": 20.1, "decode": 54.9, "hit": 46, "audit": []}
{"session": 2, "round": 0, "arm": "B", "kind": "append", "phase": "short", "task": "code-1", "ttft_ms": 1296.5, "decode": 59.0, "hit": 62, "audit": []}
{"session": 2, "round": 0, "arm": "B", "kind": "miss", "phase": "30k", "task": "code-1", "ttft_ms": 55039.2, "decode": 62.6, "hit": 0, "audit": []}
{"session": 2, "round": 0, "arm": "B", "kind": "repeat", "phase": "30k", "task": "code-1", "ttft_ms": 62.7, "decode": 63.6, "hit": 30732, "audit": []}
{"session": 3, "round": 0, "arm": "C", "kind": "first", "phase": "short", "task": "code-2", "ttft_ms": 206.3, "decode": 96.9, "hit": 0, "audit": []}
{"session": 3, "round": 0, "arm": "C", "kind": "warmup", "phase": "warmup", "task": "warmup-0", "ttft_ms": 161.2, "decode": 43.9, "hit": 0, "audit": []}
{"session": 3, "round": 0, "arm": "C", "kind": "warmup", "phase": "warmup", "task": "warmup-1", "ttft_ms": 70.2, "decode": 144.4, "hit": 0, "audit": []}
{"session": 3, "round": 0, "arm": "C", "kind": "miss", "phase": "short", "task": "code-1", "ttft_ms": 110.1, "decode": 109.9, "hit": 0, "audit": []}
{"session": 3, "round": 0, "arm": "C", "kind": "miss", "phase": "short", "task": "code-3", "ttft_ms": 162.9, "decode": 75.9, "hit": 0, "audit": []}
{"session": 3, "round": 0, "arm": "C", "kind": "miss", "phase": "short", "task": "knowledge-1", "ttft_ms": 190.2, "decode": 55.7, "hit": 0, "audit": []}
{"session": 3, "round": 0, "arm": "C", "kind": "miss", "phase": "short", "task": "knowledge-2", "ttft_ms": 104.4, "decode": 69.6, "hit": 0, "audit": []}
{"session": 3, "round": 0, "arm": "C", "kind": "miss", "phase": "short", "task": "knowledge-3", "ttft_ms": 158.7, "decode": 45.5, "hit": 0, "audit": []}
{"session": 3, "round": 0, "arm": "C", "kind": "repeat", "phase": "short", "task": "code-1", "ttft_ms": 20.5, "decode": 107.2, "hit": 62, "audit": []}
{"session": 3, "round": 0, "arm": "C", "kind": "repeat", "phase": "short", "task": "knowledge-1", "ttft_ms": 23.0, "decode": 55.0, "hit": 46, "audit": []}
{"session": 3, "round": 0, "arm": "C", "kind": "append", "phase": "short", "task": "code-1", "ttft_ms": 1185.2, "decode": 57.1, "hit": 62, "audit": []}
{"session": 3, "round": 0, "arm": "C", "kind": "miss", "phase": "30k", "task": "code-1", "ttft_ms": 54835.0, "decode": 62.5, "hit": 0, "audit": []}
{"session": 3, "round": 0, "arm": "C", "kind": "repeat", "phase": "30k", "task": "code-1", "ttft_ms": 56.6, "decode": 63.5, "hit": 30732, "audit": []}
{"session": 4, "round": 1, "arm": "C", "kind": "first", "phase": "short", "task": "code-2", "ttft_ms": 197.5, "decode": 97.0, "hit": 0, "audit": []}
{"session": 4, "round": 1, "arm": "C", "kind": "warmup", "phase": "warmup", "task": "warmup-0", "ttft_ms": 142.9, "decode": 43.8, "hit": 0, "audit": []}
{"session": 4, "round": 1, "arm": "C", "kind": "warmup", "phase": "warmup", "task": "warmup-1", "ttft_ms": 71.1, "decode": 147.6, "hit": 0, "audit": []}
{"session": 4, "round": 1, "arm": "C", "kind": "miss", "phase": "short", "task": "code-1", "ttft_ms": 106.5, "decode": 109.2, "hit": 0, "audit": []}
{"session": 4, "round": 1, "arm": "C", "kind": "miss", "phase": "short", "task": "code-3", "ttft_ms": 155.9, "decode": 72.8, "hit": 0, "audit": []}
{"session": 4, "round": 1, "arm": "C", "kind": "miss", "phase": "short", "task": "knowledge-1", "ttft_ms": 173.4, "decode": 55.4, "hit": 0, "audit": []}
{"session": 4, "round": 1, "arm": "C", "kind": "miss", "phase": "short", "task": "knowledge-2", "ttft_ms": 113.5, "decode": 69.7, "hit": 0, "audit": []}
{"session": 4, "round": 1, "arm": "C", "kind": "miss", "phase": "short", "task": "knowledge-3", "ttft_ms": 180.5, "decode": 45.4, "hit": 0, "audit": []}
{"session": 4, "round": 1, "arm": "C", "kind": "repeat", "phase": "short", "task": "code-1", "ttft_ms": 21.3, "decode": 106.8, "hit": 62, "audit": []}
{"session": 4, "round": 1, "arm": "C", "kind": "repeat", "phase": "short", "task": "knowledge-1", "ttft_ms": 22.9, "decode": 55.0, "hit": 46, "audit": []}
{"session": 4, "round": 1, "arm": "C", "kind": "append", "phase": "short", "task": "code-1", "ttft_ms": 1206.4, "decode": 56.7, "hit": 62, "audit": []}
{"session": 4, "round": 1, "arm": "C", "kind": "miss", "phase": "30k", "task": "code-1", "ttft_ms": 56627.3, "decode": 62.0, "hit": 0, "audit": []}
{"session": 4, "round": 1, "arm": "C", "kind": "repeat", "phase": "30k", "task": "code-1", "ttft_ms": 54.3, "decode": 63.4, "hit": 30732, "audit": []}
{"session": 5, "round": 1, "arm": "B", "kind": "first", "phase": "short", "task": "code-2", "ttft_ms": 236.5, "decode": 94.3, "hit": 0, "audit": []}
{"session": 5, "round": 1, "arm": "B", "kind": "warmup", "phase": "warmup", "task": "warmup-0", "ttft_ms": 108.3, "decode": 42.0, "hit": 0, "audit": []}
{"session": 5, "round": 1, "arm": "B", "kind": "warmup", "phase": "warmup", "task": "warmup-1", "ttft_ms": 109.3, "decode": 144.8, "hit": 0, "audit": []}
{"session": 5, "round": 1, "arm": "B", "kind": "miss", "phase": "short", "task": "code-1", "ttft_ms": 174.0, "decode": 109.1, "hit": 0, "audit": []}
{"session": 5, "round": 1, "arm": "B", "kind": "miss", "phase": "short", "task": "code-3", "ttft_ms": 194.0, "decode": 74.9, "hit": 0, "audit": []}
{"session": 5, "round": 1, "arm": "B", "kind": "miss", "phase": "short", "task": "knowledge-1", "ttft_ms": 166.1, "decode": 55.8, "hit": 0, "audit": []}
{"session": 5, "round": 1, "arm": "B", "kind": "miss", "phase": "short", "task": "knowledge-2", "ttft_ms": 183.5, "decode": 70.0, "hit": 0, "audit": []}
{"session": 5, "round": 1, "arm": "B", "kind": "miss", "phase": "short", "task": "knowledge-3", "ttft_ms": 190.8, "decode": 45.7, "hit": 0, "audit": []}
{"session": 5, "round": 1, "arm": "B", "kind": "repeat", "phase": "short", "task": "code-1", "ttft_ms": 19.5, "decode": 108.2, "hit": 62, "audit": []}
{"session": 5, "round": 1, "arm": "B", "kind": "repeat", "phase": "short", "task": "knowledge-1", "ttft_ms": 83.1, "decode": 55.5, "hit": 46, "audit": []}
{"session": 5, "round": 1, "arm": "B", "kind": "append", "phase": "short", "task": "code-1", "ttft_ms": 1244.4, "decode": 59.5, "hit": 62, "audit": []}
{"session": 5, "round": 1, "arm": "B", "kind": "miss", "phase": "30k", "task": "code-1", "ttft_ms": 56477.8, "decode": 62.4, "hit": 0, "audit": []}
{"session": 5, "round": 1, "arm": "B", "kind": "repeat", "phase": "30k", "task": "code-1", "ttft_ms": 61.5, "decode": 62.5, "hit": 30732, "audit": []}
{"session": 6, "round": 2, "arm": "C", "kind": "first", "phase": "short", "task": "code-2", "ttft_ms": 193.5, "decode": 96.4, "hit": 0, "audit": []}
{"session": 6, "round": 2, "arm": "C", "kind": "warmup", "phase": "warmup", "task": "warmup-0", "ttft_ms": 69.6, "decode": 43.2, "hit": 0, "audit": []}
{"session": 6, "round": 2, "arm": "C", "kind": "warmup", "phase": "warmup", "task": "warmup-1", "ttft_ms": 131.8, "decode": 151.2, "hit": 0, "audit": []}
{"session": 6, "round": 2, "arm": "C", "kind": "miss", "phase": "short", "task": "code-1", "ttft_ms": 138.1, "decode": 109.1, "hit": 0, "audit": []}
{"session": 6, "round": 2, "arm": "C", "kind": "miss", "phase": "short", "task": "code-3", "ttft_ms": 152.7, "decode": 75.5, "hit": 0, "audit": []}
{"session": 6, "round": 2, "arm": "C", "kind": "miss", "phase": "short", "task": "knowledge-1", "ttft_ms": 178.1, "decode": 55.7, "hit": 0, "audit": []}
{"session": 6, "round": 2, "arm": "C", "kind": "miss", "phase": "short", "task": "knowledge-2", "ttft_ms": 105.2, "decode": 69.6, "hit": 0, "audit": []}
{"session": 6, "round": 2, "arm": "C", "kind": "miss", "phase": "short", "task": "knowledge-3", "ttft_ms": 159.9, "decode": 45.4, "hit": 0, "audit": []}
{"session": 6, "round": 2, "arm": "C", "kind": "repeat", "phase": "short", "task": "code-1", "ttft_ms": 17.7, "decode": 106.9, "hit": 62, "audit": []}
{"session": 6, "round": 2, "arm": "C", "kind": "repeat", "phase": "short", "task": "knowledge-1", "ttft_ms": 18.6, "decode": 55.4, "hit": 46, "audit": []}
{"session": 6, "round": 2, "arm": "C", "kind": "append", "phase": "short", "task": "code-1", "ttft_ms": 1235.6, "decode": 58.3, "hit": 62, "audit": []}
{"session": 6, "round": 2, "arm": "C", "kind": "miss", "phase": "30k", "task": "code-1", "ttft_ms": 56369.6, "decode": 62.1, "hit": 0, "audit": []}
{"session": 6, "round": 2, "arm": "C", "kind": "repeat", "phase": "30k", "task": "code-1", "ttft_ms": 127.4, "decode": 63.6, "hit": 30732, "audit": []}
{"session": 7, "round": 2, "arm": "B", "kind": "first", "phase": "short", "task": "code-2", "ttft_ms": 235.1, "decode": 96.4, "hit": 0, "audit": []}
{"session": 7, "round": 2, "arm": "B", "kind": "warmup", "phase": "warmup", "task": "warmup-0", "ttft_ms": 117.3, "decode": 41.8, "hit": 0, "audit": []}
{"session": 7, "round": 2, "arm": "B", "kind": "warmup", "phase": "warmup", "task": "warmup-1", "ttft_ms": 116.0, "decode": 148.5, "hit": 0, "audit": []}
{"session": 7, "round": 2, "arm": "B", "kind": "miss", "phase": "short", "task": "code-1", "ttft_ms": 185.7, "decode": 108.5, "hit": 0, "audit": []}
{"session": 7, "round": 2, "arm": "B", "kind": "miss", "phase": "short", "task": "code-3", "ttft_ms": 195.6, "decode": 74.9, "hit": 0, "audit": []}
{"session": 7, "round": 2, "arm": "B", "kind": "miss", "phase": "short", "task": "knowledge-1", "ttft_ms": 150.7, "decode": 55.6, "hit": 0, "audit": []}
{"session": 7, "round": 2, "arm": "B", "kind": "miss", "phase": "short", "task": "knowledge-2", "ttft_ms": 189.1, "decode": 70.0, "hit": 0, "audit": []}
{"session": 7, "round": 2, "arm": "B", "kind": "miss", "phase": "short", "task": "knowledge-3", "ttft_ms": 158.6, "decode": 45.2, "hit": 0, "audit": []}
{"session": 7, "round": 2, "arm": "B", "kind": "repeat", "phase": "short", "task": "code-1", "ttft_ms": 97.9, "decode": 107.5, "hit": 62, "audit": []}
{"session": 7, "round": 2, "arm": "B", "kind": "repeat", "phase": "short", "task": "knowledge-1", "ttft_ms": 18.6, "decode": 54.7, "hit": 46, "audit": []}
{"session": 7, "round": 2, "arm": "B", "kind": "append", "phase": "short", "task": "code-1", "ttft_ms": 1249.5, "decode": 58.0, "hit": 62, "audit": []}
{"session": 7, "round": 2, "arm": "B", "kind": "miss", "phase": "30k", "task": "code-1", "ttft_ms": 56415.6, "decode": 62.4, "hit": 0, "audit": []}
{"session": 7, "round": 2, "arm": "B", "kind": "repeat", "phase": "30k", "task": "code-1", "ttft_ms": 137.0, "decode": 61.5, "hit": 30732, "audit": []}
{"session": 8, "round": 3, "arm": "B", "kind": "first", "phase": "short", "task": "code-2", "ttft_ms": 236.4, "decode": 95.6, "hit": 0, "audit": []}
{"session": 8, "round": 3, "arm": "B", "kind": "warmup", "phase": "warmup", "task": "warmup-0", "ttft_ms": 159.5, "decode": 43.3, "hit": 0, "audit": []}
{"session": 8, "round": 3, "arm": "B", "kind": "warmup", "phase": "warmup", "task": "warmup-1", "ttft_ms": 116.4, "decode": 150.8, "hit": 0, "audit": []}
{"session": 8, "round": 3, "arm": "B", "kind": "miss", "phase": "short", "task": "code-1", "ttft_ms": 163.5, "decode": 109.1, "hit": 0, "audit": []}
{"session": 8, "round": 3, "arm": "B", "kind": "miss", "phase": "short", "task": "code-3", "ttft_ms": 192.2, "decode": 75.4, "hit": 0, "audit": []}
{"session": 8, "round": 3, "arm": "B", "kind": "miss", "phase": "short", "task": "knowledge-1", "ttft_ms": 198.4, "decode": 54.8, "hit": 0, "audit": []}
{"session": 8, "round": 3, "arm": "B", "kind": "miss", "phase": "short", "task": "knowledge-2", "ttft_ms": 206.4, "decode": 69.5, "hit": 0, "audit": []}
{"session": 8, "round": 3, "arm": "B", "kind": "miss", "phase": "short", "task": "knowledge-3", "ttft_ms": 192.2, "decode": 45.5, "hit": 0, "audit": []}
{"session": 8, "round": 3, "arm": "B", "kind": "repeat", "phase": "short", "task": "code-1", "ttft_ms": 21.7, "decode": 106.6, "hit": 62, "audit": []}
{"session": 8, "round": 3, "arm": "B", "kind": "repeat", "phase": "short", "task": "knowledge-1", "ttft_ms": 20.6, "decode": 55.1, "hit": 46, "audit": []}
{"session": 8, "round": 3, "arm": "B", "kind": "append", "phase": "short", "task": "code-1", "ttft_ms": 1184.1, "decode": 57.2, "hit": 62, "audit": []}
{"session": 8, "round": 3, "arm": "B", "kind": "miss", "phase": "30k", "task": "code-1", "ttft_ms": 55379.6, "decode": 62.8, "hit": 0, "audit": []}
{"session": 8, "round": 3, "arm": "B", "kind": "repeat", "phase": "30k", "task": "code-1", "ttft_ms": 108.8, "decode": 63.6, "hit": 30732, "audit": []}
{"session": 9, "round": 3, "arm": "C", "kind": "first", "phase": "short", "task": "code-2", "ttft_ms": 194.8, "decode": 97.5, "hit": 0, "audit": []}
{"session": 9, "round": 3, "arm": "C", "kind": "warmup", "phase": "warmup", "task": "warmup-0", "ttft_ms": 117.7, "decode": 43.7, "hit": 0, "audit": []}
{"session": 9, "round": 3, "arm": "C", "kind": "warmup", "phase": "warmup", "task": "warmup-1", "ttft_ms": 71.3, "decode": 144.5, "hit": 0, "audit": []}
{"session": 9, "round": 3, "arm": "C", "kind": "miss", "phase": "short", "task": "code-1", "ttft_ms": 109.5, "decode": 110.7, "hit": 0, "audit": []}
{"session": 9, "round": 3, "arm": "C", "kind": "miss", "phase": "short", "task": "code-3", "ttft_ms": 143.9, "decode": 75.5, "hit": 0, "audit": []}
{"session": 9, "round": 3, "arm": "C", "kind": "miss", "phase": "short", "task": "knowledge-1", "ttft_ms": 124.1, "decode": 56.1, "hit": 0, "audit": []}
{"session": 9, "round": 3, "arm": "C", "kind": "miss", "phase": "short", "task": "knowledge-2", "ttft_ms": 180.3, "decode": 70.5, "hit": 0, "audit": []}
{"session": 9, "round": 3, "arm": "C", "kind": "miss", "phase": "short", "task": "knowledge-3", "ttft_ms": 107.3, "decode": 45.3, "hit": 0, "audit": []}
{"session": 9, "round": 3, "arm": "C", "kind": "repeat", "phase": "short", "task": "code-1", "ttft_ms": 14.5, "decode": 108.2, "hit": 62, "audit": []}
{"session": 9, "round": 3, "arm": "C", "kind": "repeat", "phase": "short", "task": "knowledge-1", "ttft_ms": 22.6, "decode": 55.3, "hit": 46, "audit": []}
{"session": 9, "round": 3, "arm": "C", "kind": "append", "phase": "short", "task": "code-1", "ttft_ms": 1179.6, "decode": 58.2, "hit": 62, "audit": []}
{"session": 9, "round": 3, "arm": "C", "kind": "miss", "phase": "30k", "task": "code-1", "ttft_ms": 54602.9, "decode": 63.6, "hit": 0, "audit": []}
{"session": 9, "round": 3, "arm": "C", "kind": "repeat", "phase": "30k", "task": "code-1", "ttft_ms": 132.9, "decode": 64.5, "hit": 30732, "audit": []}
{"session": 10, "round": 4, "arm": "B", "kind": "first", "phase": "short", "task": "code-2", "ttft_ms": 240.1, "decode": 98.1, "hit": 0, "audit": []}
{"session": 10, "round": 4, "arm": "B", "kind": "warmup", "phase": "warmup", "task": "warmup-0", "ttft_ms": 117.2, "decode": 43.5, "hit": 0, "audit": []}
{"session": 10, "round": 4, "arm": "B", "kind": "warmup", "phase": "warmup", "task": "warmup-1", "ttft_ms": 191.4, "decode": 153.7, "hit": 0, "audit": []}
{"session": 10, "round": 4, "arm": "B", "kind": "miss", "phase": "short", "task": "code-1", "ttft_ms": 146.8, "decode": 110.8, "hit": 0, "audit": []}
{"session": 10, "round": 4, "arm": "B", "kind": "miss", "phase": "short", "task": "code-3", "ttft_ms": 190.1, "decode": 76.3, "hit": 0, "audit": []}
{"session": 10, "round": 4, "arm": "B", "kind": "miss", "phase": "short", "task": "knowledge-1", "ttft_ms": 226.2, "decode": 56.2, "hit": 0, "audit": []}
{"session": 10, "round": 4, "arm": "B", "kind": "miss", "phase": "short", "task": "knowledge-2", "ttft_ms": 152.8, "decode": 70.3, "hit": 0, "audit": []}
{"session": 10, "round": 4, "arm": "B", "kind": "miss", "phase": "short", "task": "knowledge-3", "ttft_ms": 159.8, "decode": 45.9, "hit": 0, "audit": []}
{"session": 10, "round": 4, "arm": "B", "kind": "repeat", "phase": "short", "task": "code-1", "ttft_ms": 20.0, "decode": 107.6, "hit": 62, "audit": []}
{"session": 10, "round": 4, "arm": "B", "kind": "repeat", "phase": "short", "task": "knowledge-1", "ttft_ms": 20.6, "decode": 55.6, "hit": 46, "audit": []}
{"session": 10, "round": 4, "arm": "B", "kind": "append", "phase": "short", "task": "code-1", "ttft_ms": 1205.5, "decode": 57.8, "hit": 62, "audit": []}
{"session": 10, "round": 4, "arm": "B", "kind": "miss", "phase": "30k", "task": "code-1", "ttft_ms": 55598.1, "decode": 62.8, "hit": 0, "audit": []}
{"session": 10, "round": 4, "arm": "B", "kind": "repeat", "phase": "30k", "task": "code-1", "ttft_ms": 62.2, "decode": 63.9, "hit": 30732, "audit": []}
{"session": 11, "round": 4, "arm": "C", "kind": "first", "phase": "short", "task": "code-2", "ttft_ms": 195.6, "decode": 97.1, "hit": 0, "audit": []}
{"session": 11, "round": 4, "arm": "C", "kind": "warmup", "phase": "warmup", "task": "warmup-0", "ttft_ms": 70.9, "decode": 43.1, "hit": 0, "audit": []}
{"session": 11, "round": 4, "arm": "C", "kind": "warmup", "phase": "warmup", "task": "warmup-1", "ttft_ms": 70.7, "decode": 146.3, "hit": 0, "audit": []}
{"session": 11, "round": 4, "arm": "C", "kind": "miss", "phase": "short", "task": "code-1", "ttft_ms": 108.1, "decode": 109.5, "hit": 0, "audit": []}
{"session": 11, "round": 4, "arm": "C", "kind": "miss", "phase": "short", "task": "code-3", "ttft_ms": 162.5, "decode": 75.0, "hit": 0, "audit": []}
{"session": 11, "round": 4, "arm": "C", "kind": "miss", "phase": "short", "task": "knowledge-1", "ttft_ms": 119.1, "decode": 56.4, "hit": 0, "audit": []}
{"session": 11, "round": 4, "arm": "C", "kind": "miss", "phase": "short", "task": "knowledge-2", "ttft_ms": 106.4, "decode": 70.1, "hit": 0, "audit": []}
{"session": 11, "round": 4, "arm": "C", "kind": "miss", "phase": "short", "task": "knowledge-3", "ttft_ms": 180.5, "decode": 45.9, "hit": 0, "audit": []}
{"session": 11, "round": 4, "arm": "C", "kind": "repeat", "phase": "short", "task": "code-1", "ttft_ms": 22.0, "decode": 108.8, "hit": 62, "audit": []}
{"session": 11, "round": 4, "arm": "C", "kind": "repeat", "phase": "short", "task": "knowledge-1", "ttft_ms": 24.7, "decode": 55.5, "hit": 46, "audit": []}
{"session": 11, "round": 4, "arm": "C", "kind": "append", "phase": "short", "task": "code-1", "ttft_ms": 1252.9, "decode": 57.7, "hit": 62, "audit": []}
{"session": 11, "round": 4, "arm": "C", "kind": "miss", "phase": "30k", "task": "code-1", "ttft_ms": 55202.7, "decode": 63.4, "hit": 0, "audit": []}
{"session": 11, "round": 4, "arm": "C", "kind": "repeat", "phase": "30k", "task": "code-1", "ttft_ms": 64.9, "decode": 63.8, "hit": 30732, "audit": []}
{"session": 12, "round": 5, "arm": "C", "kind": "first", "phase": "short", "task": "code-2", "ttft_ms": 194.7, "decode": 98.1, "hit": 0, "audit": []}
{"session": 12, "round": 5, "arm": "C", "kind": "warmup", "phase": "warmup", "task": "warmup-0", "ttft_ms": 69.1, "decode": 43.2, "hit": 0, "audit": []}
{"session": 12, "round": 5, "arm": "C", "kind": "warmup", "phase": "warmup", "task": "warmup-1", "ttft_ms": 70.3, "decode": 144.9, "hit": 0, "audit": []}
{"session": 12, "round": 5, "arm": "C", "kind": "miss", "phase": "short", "task": "code-1", "ttft_ms": 130.6, "decode": 111.3, "hit": 0, "audit": []}
{"session": 12, "round": 5, "arm": "C", "kind": "miss", "phase": "short", "task": "code-3", "ttft_ms": 159.7, "decode": 76.6, "hit": 0, "audit": []}
{"session": 12, "round": 5, "arm": "C", "kind": "miss", "phase": "short", "task": "knowledge-1", "ttft_ms": 189.0, "decode": 56.0, "hit": 0, "audit": []}
{"session": 12, "round": 5, "arm": "C", "kind": "miss", "phase": "short", "task": "knowledge-2", "ttft_ms": 146.1, "decode": 70.3, "hit": 0, "audit": []}
{"session": 12, "round": 5, "arm": "C", "kind": "miss", "phase": "short", "task": "knowledge-3", "ttft_ms": 108.7, "decode": 45.3, "hit": 0, "audit": []}
{"session": 12, "round": 5, "arm": "C", "kind": "repeat", "phase": "short", "task": "code-1", "ttft_ms": 20.7, "decode": 108.7, "hit": 62, "audit": []}
{"session": 12, "round": 5, "arm": "C", "kind": "repeat", "phase": "short", "task": "knowledge-1", "ttft_ms": 23.6, "decode": 55.2, "hit": 46, "audit": []}
{"session": 12, "round": 5, "arm": "C", "kind": "append", "phase": "short", "task": "code-1", "ttft_ms": 1218.8, "decode": 56.7, "hit": 62, "audit": []}
{"session": 12, "round": 5, "arm": "C", "kind": "miss", "phase": "30k", "task": "code-1", "ttft_ms": 56160.3, "decode": 62.9, "hit": 0, "audit": []}
{"session": 12, "round": 5, "arm": "C", "kind": "repeat", "phase": "30k", "task": "code-1", "ttft_ms": 131.6, "decode": 63.9, "hit": 30732, "audit": []}
{"session": 13, "round": 5, "arm": "B", "kind": "first", "phase": "short", "task": "code-2", "ttft_ms": 238.2, "decode": 97.0, "hit": 0, "audit": []}
{"session": 13, "round": 5, "arm": "B", "kind": "warmup", "phase": "warmup", "task": "warmup-0", "ttft_ms": 108.3, "decode": 42.9, "hit": 0, "audit": []}
{"session": 13, "round": 5, "arm": "B", "kind": "warmup", "phase": "warmup", "task": "warmup-1", "ttft_ms": 128.3, "decode": 148.6, "hit": 0, "audit": []}
{"session": 13, "round": 5, "arm": "B", "kind": "miss", "phase": "short", "task": "code-1", "ttft_ms": 214.1, "decode": 109.6, "hit": 0, "audit": []}
{"session": 13, "round": 5, "arm": "B", "kind": "miss", "phase": "short", "task": "code-3", "ttft_ms": 200.0, "decode": 76.1, "hit": 0, "audit": []}
{"session": 13, "round": 5, "arm": "B", "kind": "miss", "phase": "short", "task": "knowledge-1", "ttft_ms": 196.5, "decode": 55.7, "hit": 0, "audit": []}
{"session": 13, "round": 5, "arm": "B", "kind": "miss", "phase": "short", "task": "knowledge-2", "ttft_ms": 145.8, "decode": 69.8, "hit": 0, "audit": []}
{"session": 13, "round": 5, "arm": "B", "kind": "miss", "phase": "short", "task": "knowledge-3", "ttft_ms": 148.8, "decode": 45.4, "hit": 0, "audit": []}
{"session": 13, "round": 5, "arm": "B", "kind": "repeat", "phase": "short", "task": "code-1", "ttft_ms": 14.6, "decode": 108.5, "hit": 62, "audit": []}
{"session": 13, "round": 5, "arm": "B", "kind": "repeat", "phase": "short", "task": "knowledge-1", "ttft_ms": 15.3, "decode": 55.3, "hit": 46, "audit": []}
{"session": 13, "round": 5, "arm": "B", "kind": "append", "phase": "short", "task": "code-1", "ttft_ms": 1247.9, "decode": 57.4, "hit": 62, "audit": []}
{"session": 13, "round": 5, "arm": "B", "kind": "miss", "phase": "30k", "task": "code-1", "ttft_ms": 55504.4, "decode": 62.8, "hit": 0, "audit": []}
{"session": 13, "round": 5, "arm": "B", "kind": "repeat", "phase": "30k", "task": "code-1", "ttft_ms": 118.5, "decode": 64.0, "hit": 30732, "audit": []}
